// Jest Snapshot v1, https://goo.gl/fbAQLP

exports[`TeamWeakness component renders as snapshot 1`] = `
<div>
  <ul
    className="list-group"
  >
    <li
      className="list-group-item"
    >
      <span
        className="badge badge-secondary"
        style={
          Object {
            "backgroundColor": "#6390F0",
            "color": "white",
          }
        }
      >
        water
      </span>
      <span
        className="badge badge-secondary badge-pill"
      >
        3
      </span>
    </li>
  </ul>
</div>
`;
